
tests/unit/test_db_advanced.py::TestServerAvailabilityChecks::test_check_server_timeout FAILED [ 29%]
tests/unit/test_db_advanced.py::TestInitializeErrorPaths::test_initialize_creates_pool_with_configure_callback FAILED [ 29%]
tests/unit/test_db_operations.py::TestDocumentOperations::test_document_exists_returns_true_when_found FAILED [ 31%]
tests/unit/test_db_operations.py::TestDocumentOperations::test_get_all_documents_returns_list FAILED [ 32%]
tests/unit/test_db_operations.py::TestChunkOperations::test_insert_chunks_batch_handles_empty_list FAILED [ 32%]
tests/unit/test_error_handlers_additional.py::TestBadRequestHandler::test_bad_request_returns_400 FAILED [ 37%]
tests/unit/test_error_handlers_additional.py::TestBadRequestHandler::test_bad_request_has_error_field FAILED [ 38%]
tests/unit/test_models.py::TestErrorResponse::test_includes_timestamp FAILED [ 61%]
tests/unit/test_models.py::TestErrorResponse::test_details_defaults_to_none FAILED [ 62%]
tests/unit/test_ollama_client.py::TestConnectionManagement::test_check_connection_success FAILED [ 68%]
tests/unit/test_ollama_client.py::TestChatGeneration::test_generate_chat_response_success FAILED [ 70%]
tests/unit/test_ollama_client.py::TestChatGeneration::test_generate_chat_response_handles_streaming FAILED [ 70%]
tests/unit/test_ollama_client.py::TestChatGeneration::test_generate_chat_response_handles_error FAILED [ 70%]
tests/unit/test_ollama_client.py::TestChatGeneration::test_generate_chat_response_with_context FAILED [ 70%]
tests/unit/test_ollama_client.py::TestModelTesting::test_test_model_failure FAILED [ 70%]
tests/unit/test_ollama_complete.py::TestChatTokenLimits::test_generate_chat_with_max_tokens_parameter FAILED [ 72%]
tests/unit/test_ollama_complete.py::TestChatTokenLimits::test_generate_chat_handles_token_limit_exceeded FAILED [ 72%]
tests/unit/test_ollama_complete.py::TestModelPullProgress::test_pull_model_with_progress_callback FAILED [ 72%]
tests/unit/test_ollama_complete.py::TestModelPullProgress::test_pull_model_handles_network_interruption FAILED [ 72%]
tests/unit/test_ollama_complete.py::TestStreamingEdgeCases::test_streaming_with_empty_response FAILED [ 72%]
tests/unit/test_ollama_complete.py::TestStreamingEdgeCases::test_streaming_with_malformed_json FAILED [ 72%]
tests/unit/test_rag.py::TestReranking::test_rerank_with_multiple_signals FAILED [ 77%]
tests/unit/test_rag.py::TestReranking::test_compute_simple_bm25 FAILED   [ 77%]
tests/unit/test_rag.py::TestRAGEdgeCases::test_rerank_empty_results FAILED [ 78%]
tests/unit/test_rag.py::TestRAGEdgeCases::test_bm25_with_empty_document FAILED [ 78%]
FAILED tests/unit/test_db_advanced.py::TestServerAvailabilityChecks::test_check_server_timeout
FAILED tests/unit/test_db_advanced.py::TestInitializeErrorPaths::test_initialize_creates_pool_with_configure_callback
FAILED tests/unit/test_db_operations.py::TestDocumentOperations::test_document_exists_returns_true_when_found
FAILED tests/unit/test_db_operations.py::TestDocumentOperations::test_get_all_documents_returns_list
FAILED tests/unit/test_db_operations.py::TestChunkOperations::test_insert_chunks_batch_handles_empty_list
FAILED tests/unit/test_error_handlers_additional.py::TestBadRequestHandler::test_bad_request_returns_400
FAILED tests/unit/test_error_handlers_additional.py::TestBadRequestHandler::test_bad_request_has_error_field
FAILED tests/unit/test_models.py::TestErrorResponse::test_includes_timestamp
FAILED tests/unit/test_models.py::TestErrorResponse::test_details_defaults_to_none
FAILED tests/unit/test_ollama_client.py::TestConnectionManagement::test_check_connection_success
FAILED tests/unit/test_ollama_client.py::TestChatGeneration::test_generate_chat_response_success
FAILED tests/unit/test_ollama_client.py::TestChatGeneration::test_generate_chat_response_handles_streaming
FAILED tests/unit/test_ollama_client.py::TestChatGeneration::test_generate_chat_response_handles_error
FAILED tests/unit/test_ollama_client.py::TestChatGeneration::test_generate_chat_response_with_context
FAILED tests/unit/test_ollama_client.py::TestModelTesting::test_test_model_failure
FAILED tests/unit/test_ollama_complete.py::TestChatTokenLimits::test_generate_chat_with_max_tokens_parameter
FAILED tests/unit/test_ollama_complete.py::TestChatTokenLimits::test_generate_chat_handles_token_limit_exceeded
FAILED tests/unit/test_ollama_complete.py::TestModelPullProgress::test_pull_model_with_progress_callback
FAILED tests/unit/test_ollama_complete.py::TestModelPullProgress::test_pull_model_handles_network_interruption
FAILED tests/unit/test_ollama_complete.py::TestStreamingEdgeCases::test_streaming_with_empty_response
FAILED tests/unit/test_ollama_complete.py::TestStreamingEdgeCases::test_streaming_with_malformed_json
FAILED tests/unit/test_rag.py::TestReranking::test_rerank_with_multiple_signals
FAILED tests/unit/test_rag.py::TestReranking::test_compute_simple_bm25 - Attr...
FAILED tests/unit/test_rag.py::TestRAGEdgeCases::test_rerank_empty_results - ...
FAILED tests/unit/test_rag.py::TestRAGEdgeCases::test_bm25_with_empty_document
=========== 25 failed, 639 passed, 28 skipped in 293.97s (0:04:53) ============

